
> youpile-admin@0.1.0 build
> next build

  Γû▓ Next.js 14.2.3
  - Environments: .env.local

   Creating an optimized production build ...
node.exe : Failed to 
compile.
At line:1 char:1
+ & "C:\Program 
Files\nodejs/node.exe" 
"C:\Program 
Files\nodejs/node_mo 
...
+ ~~~~~~~~~~~~~~~~~~~~~
~~~~~~~~~~~~~~~~~~~~~~~
~~~~~~~~~~~~~~~~~~~~~~~
~~
    + CategoryInfo     
         : NotSpecifi  
  ed: (Failed to com   
 pile.:String) [],     
RemoteException
    + FullyQualifiedEr 
   rorId : NativeComm  
  andError
 

./app/(dashboard)/users
/[id]/page.tsx
Module not found: 
Can't resolve 
'@/components/ui/tabs'

https://nextjs.org/docs
/messages/module-not-fo
und

./app/api/admin/approve
-payout/route.ts
Error: 
  [31mx[0m Expected 
a semicolon
    ,-[[36;1;4mC:\User
s\moham\OneDrive\Deskto
p\Youpile 
project\youpile dashboa
rd\app\api\admin\approv
e-payout\route.ts[0m:6
1:1]
 [2m61[0m |          
   })
 [2m62[0m |         }
 [2m63[0m | 
 [2m64[0m |         
return 
NextResponse.json({ 
success: true })
    : [31;1m        
^[0m
 [2m65[0m |     } 
catch (error: any) {
 [2m66[0m |         
return 
NextResponse.json({ 
error: error.message 
}, { status: 500 })
 [2m66[0m |     }
    `----

  [31mx[0m Expected 
a semicolon
    ,-[[36;1;4mC:\User
s\moham\OneDrive\Deskto
p\Youpile 
project\youpile dashboa
rd\app\api\admin\approv
e-payout\route.ts[0m:6
2:1]
 [2m62[0m |         }
 [2m63[0m | 
 [2m64[0m |         
return 
NextResponse.json({ 
success: true })
 [2m65[0m |     } 
catch (error: any) {
    : [31;1m      
^^^^^[0m
 [2m66[0m |         
return 
NextResponse.json({ 
error: error.message 
}, { status: 500 })
 [2m67[0m |     }
 [2m67[0m | }
    `----

  [31mx[0m Return 
statement is not 
allowed here
    ,-[[36;1;4mC:\User
s\moham\OneDrive\Deskto
p\Youpile 
project\youpile dashboa
rd\app\api\admin\approv
e-payout\route.ts[0m:6
3:1]
 [2m63[0m | 
 [2m64[0m |         
return 
NextResponse.json({ 
success: true })
 [2m65[0m |     } 
catch (error: any) {
 [2m66[0m |         
return 
NextResponse.json({ 
error: error.message 
}, { status: 500 })
    : [31;1m        ^^
^^^^^^^^^^^^^^^^^^^^^^^
^^^^^^^^^^^^^^^^^^^^^^^
^^^^^^^^^^^^^^^^^^^[0m
 [2m67[0m |     }
 [2m68[0m | }
    `----

  [31mx[0m 
Expression expected
    ,-[[36;1;4mC:\User
s\moham\OneDrive\Deskto
p\Youpile 
project\youpile dashboa
rd\app\api\admin\approv
e-payout\route.ts[0m:6
5:1]
 [2m65[0m |     } 
catch (error: any) {
 [2m66[0m |         
return 
NextResponse.json({ 
error: error.message 
}, { status: 500 })
 [2m67[0m |     }
 [2m68[0m | }
    : [31;1m^[0m
    `----

Caused by:
    Syntax Error

Import trace for 
requested module:
./app/api/admin/approve
-payout/route.ts


> Build failed because 
of webpack errors
